#
# There is insufficient memory for the Java Runtime Environment to continue.
# Native memory allocation (malloc) failed to allocate 1048576 bytes for AllocateHeap
# Possible reasons:
#   The system is out of physical RAM or swap space
#   In 32 bit mode, the process size limit was hit
# Possible solutions:
#   Reduce memory load on the system
#   Increase physical memory or swap space
#   Check if swap backing store is full
#   Use 64 bit Java on a 64 bit OS
#   Decrease Java heap size (-Xmx/-Xms)
#   Decrease number of Java threads
#   Decrease Java thread stack sizes (-Xss)
#   Set larger code cache with -XX:ReservedCodeCacheSize=
# This output file may be truncated or incomplete.
#
#  Out of Memory Error (memory/allocation.inline.hpp:61), pid=21796, tid=21824
#
# JRE version:  (8.0_51-b16) (build )
# Java VM: Java HotSpot(TM) 64-Bit Server VM (25.51-b03 mixed mode windows-amd64 compressed oops)
# Failed to write core dump. Minidumps are not enabled by default on client versions of Windows
#

---------------  T H R E A D  ---------------

Current thread (0x00000000029c1000):  JavaThread "Unknown thread" [_thread_in_vm, id=21824, stack(0x0000000002870000,0x0000000002970000)]

Stack: [0x0000000002870000,0x0000000002970000]
Native frames: (J=compiled Java code, j=interpreted, Vv=VM code, C=native code)
V  [jvm.dll+0x32b4ca]
V  [jvm.dll+0x2797e3]
V  [jvm.dll+0x27a479]
V  [jvm.dll+0x271765]
V  [jvm.dll+0x1606]
V  [jvm.dll+0x2707d2]
V  [jvm.dll+0x3eec6a]
V  [jvm.dll+0x3ea537]
V  [jvm.dll+0xf2c22]
V  [jvm.dll+0x20f0a9]
V  [jvm.dll+0x240d2a]
V  [jvm.dll+0x15b9a1]
C  [javaw.exe+0x217e]
C  [javaw.exe+0xcd37]
C  [javaw.exe+0xcdcb]
C  [KERNEL32.DLL+0x2ccb7]
C  [ntdll.dll+0xaad6c]


---------------  P R O C E S S  ---------------

Java Threads: ( => current thread )

Other Threads:

=>0x00000000029c1000 (exited) JavaThread "Unknown thread" [_thread_in_vm, id=21824, stack(0x0000000002870000,0x0000000002970000)]

VM state:not at safepoint (normal execution)

VM Mutex/Monitor currently owned by a thread: None

Heap:
 PSYoungGen      total 4608K, used 81K [0x00000000ffb00000, 0x0000000100000000, 0x0000000100000000)
  eden space 4096K, 2% used [0x00000000ffb00000,0x00000000ffb147b8,0x00000000fff00000)
  from space 512K, 0% used [0x00000000fff80000,0x00000000fff80000,0x0000000100000000)
  to   space 512K, 0% used [0x00000000fff00000,0x00000000fff00000,0x00000000fff80000)
 ParOldGen       total 11264K, used 0K [0x00000000ff000000, 0x00000000ffb00000, 0x00000000ffb00000)
  object space 11264K, 0% used [0x00000000ff000000,0x00000000ff000000,0x00000000ffb00000)
 Metaspace       used 742K, capacity 4480K, committed 4480K, reserved 1056768K
  class space    used 75K, capacity 384K, committed 384K, reserved 1048576K

Card table byte_map: [0x0000000002970000,0x0000000002980000] byte_map_base: 0x0000000002178000

Marking Bits: (ParMarkBitMap*) 0x0000000052484040
 Begin Bits: [0x0000000012c80000, 0x0000000012cc0000)
 End Bits:   [0x0000000012cc0000, 0x0000000012d00000)

Polling page: 0x0000000002830000

CodeCache: size=245760Kb used=328Kb max_used=328Kb free=245431Kb
 bounds [0x0000000002ac0000, 0x0000000002d30000, 0x0000000011ac0000]
 total_blobs=57 nmethods=0 adapters=37
 compilation: enabled

Compilation events (0 events):
No events

GC Heap History (0 events):
No events

Deoptimization events (0 events):
No events

Internal exceptions (0 events):
No events

Events (10 events):
Event: 1.130 loading class java/lang/Short
Event: 1.130 loading class java/lang/Short done
Event: 1.130 loading class java/lang/Integer
Event: 1.131 loading class java/lang/Integer done
Event: 1.131 loading class java/lang/Long
Event: 1.132 loading class java/lang/Long done
Event: 1.133 loading class java/lang/NullPointerException
Event: 1.133 loading class java/lang/NullPointerException done
Event: 1.133 loading class java/lang/ArithmeticException
Event: 1.133 loading class java/lang/ArithmeticException done


Dynamic libraries:
0x00007ff68a390000 - 0x00007ff68a3c7000 	C:\Program Files\Java\jre1.8.0_51\bin\javaw.exe
0x00007ffb96840000 - 0x00007ffb96aa6000 	C:\windows\SYSTEM32\ntdll.dll
0x00007ffb953c0000 - 0x00007ffb95489000 	C:\windows\System32\KERNEL32.DLL
0x00007ffb94030000 - 0x00007ffb9442f000 	C:\windows\System32\KERNELBASE.dll
0x00007ffb8fe40000 - 0x00007ffb8fee0000 	C:\windows\SYSTEM32\apphelp.dll
0x00007ffb94f70000 - 0x00007ffb9502c000 	C:\windows\System32\ADVAPI32.dll
0x00007ffb94c40000 - 0x00007ffb94ce9000 	C:\windows\System32\msvcrt.dll
0x00007ffb94ec0000 - 0x00007ffb94f69000 	C:\windows\System32\sechost.dll
0x00007ffb94600000 - 0x00007ffb94718000 	C:\windows\System32\RPCRT4.dll
0x00007ffb94a20000 - 0x00007ffb94be6000 	C:\windows\System32\USER32.dll
0x00007ffb93dd0000 - 0x00007ffb93df7000 	C:\windows\System32\win32u.dll
0x00007ffb96640000 - 0x00007ffb9666b000 	C:\windows\System32\GDI32.dll
0x00007ffb94440000 - 0x00007ffb94569000 	C:\windows\System32\gdi32full.dll
0x00007ffb93f80000 - 0x00007ffb94023000 	C:\windows\System32\msvcp_win.dll
0x00007ffb93be0000 - 0x00007ffb93d2c000 	C:\windows\System32\ucrtbase.dll
0x00007ffb753d0000 - 0x00007ffb75661000 	C:\windows\WinSxS\amd64_microsoft.windows.common-controls_6595b64144ccf1df_6.0.26100.8972_none_3e0da176e32f9d4b\COMCTL32.dll
0x00007ffb95040000 - 0x00007ffb95072000 	C:\windows\System32\IMM32.DLL
0x0000000052510000 - 0x00000000525e2000 	C:\Program Files\Java\jre1.8.0_51\bin\msvcr100.dll
0x0000000051c80000 - 0x0000000052503000 	C:\Program Files\Java\jre1.8.0_51\bin\server\jvm.dll
0x00007ffb94cf0000 - 0x00007ffb94cf8000 	C:\windows\System32\PSAPI.DLL
0x00007ffb5dbf0000 - 0x00007ffb5dbfa000 	C:\windows\SYSTEM32\WSOCK32.dll
0x00007ffb8ff70000 - 0x00007ffb8ffa6000 	C:\windows\SYSTEM32\WINMM.dll
0x00007ffb82560000 - 0x00007ffb8256b000 	C:\windows\SYSTEM32\VERSION.dll
0x00007ffb94570000 - 0x00007ffb945f2000 	C:\windows\System32\WS2_32.dll
0x0000000051c70000 - 0x0000000051c7f000 	C:\Program Files\Java\jre1.8.0_51\bin\verify.dll
0x0000000051c40000 - 0x0000000051c69000 	C:\Program Files\Java\jre1.8.0_51\bin\java.dll
0x0000000051c20000 - 0x0000000051c36000 	C:\Program Files\Java\jre1.8.0_51\bin\zip.dll
0x00007ffb90ec0000 - 0x00007ffb91102000 	C:\windows\SYSTEM32\dbghelp.dll
0x00007ffb962b0000 - 0x00007ffb96635000 	C:\windows\System32\combase.dll
0x00007ffb95270000 - 0x00007ffb95349000 	C:\windows\System32\OLEAUT32.dll
0x00007ffb93ec0000 - 0x00007ffb93f6c000 	C:\windows\System32\bcryptPrimitives.dll

VM Arguments:
jvm_args: -Xmx16m 
java_command: org.eclipse.jdt.internal.launching.support.LibraryDetector
java_class_path (initial): C:\Users\asati\AppData\Roaming\Code\User\globalStorage\redhat.java\1.55.0\config_ss_win\org.eclipse.osgi\38\0\.cp\lib\launchingsupport.jar
Launcher Type: SUN_STANDARD

Environment Variables:
PATH=C:\app\asati\product\21c\dbhomeXE\bin;C:\Python314\Scripts\;C:\Python314\;C:\Program Files\Common Files\Oracle\Java\javapath;C:\ProgramData\Oracle\Java\javapath;C:\windows\system32;C:\windows;C:\windows\System32\Wbem;C:\windows\System32\WindowsPowerShell\v1.0\;C:\windows\System32\OpenSSH\;C:\MinGW\bin;C:\Program Files\Git\cmd;C:\MinGW\bin;C:\Program Files\dotnet\;C:\Program Files\Java\jdk-26.0.1\bin;C:\Users\asati\Downloads\oracle instantclient_23\instantclient-sqlplus-windows.x64-23.26.2.0.0\instantclient_23_0;C:\Program Files\nodejs\;C:\ProgramData\chocolatey\bin;C:\Users\asati\AppData\Local\Microsoft\WindowsApps;C:\Users\asati\AppData\Local\Programs\Microsoft VS Code\bin;C:\Users\asati\AppData\Roaming\npm
USERNAME=asati
OS=Windows_NT
PROCESSOR_IDENTIFIER=Intel64 Family 6 Model 170 Stepping 4, GenuineIntel



---------------  S Y S T E M  ---------------

OS: Windows 10.0 , 64 bit Build 26100 (10.0.26100.8972)

CPU:total 18 (9 cores per cpu, 2 threads per core) family 6 model 170 stepping 4, cmov, cx8, fxsr, mmx, sse, sse2, sse3, ssse3, sse4.1, sse4.2, popcnt, avx, avx2, aes, clmul, erms, 3dnowpref, lzcnt, ht, tsc, tscinvbit, bmi1, bmi2, adx

Memory: 4k page, physical 16179720k(3662232k free), swap 16179720k(8856k free)

vm_info: Java HotSpot(TM) 64-Bit Server VM (25.51-b03) for windows-amd64 JRE (1.8.0_51-b16), built on Jun  8 2015 18:03:07 by "java_re" with MS VC++ 10.0 (VS2010)

time: Sat Aug 15 22:03:21 2026
elapsed time: 2 seconds (0d 0h 0m 2s)

